  Determining projects to restore...
c:\Users\Duc\Desktop\TaskPlanner\server\Background\Background.csproj : warning NU1903: Package 'Microsoft.Build.Tasks.Core' 17.7.2 has a known high severity vulnerability, https://github.com/advisories/GHSA-h4j7-5rxr-p4wc [c:\Users\Duc\Desktop\TaskPlanner\TaskPlanner.sln]
c:\Users\Duc\Desktop\TaskPlanner\server\Api\Api.csproj : warning NU1903: Package 'Microsoft.Build.Tasks.Core' 17.7.2 has a known high severity vulnerability, https://github.com/advisories/GHSA-h4j7-5rxr-p4wc [c:\Users\Duc\Desktop\TaskPlanner\TaskPlanner.sln]
  All projects are up-to-date for restore.
c:\Users\Duc\Desktop\TaskPlanner\server\Background\Background.csproj : warning NU1903: Package 'Microsoft.Build.Tasks.Core' 17.7.2 has a known high severity vulnerability, https://github.com/advisories/GHSA-h4j7-5rxr-p4wc
c:\Users\Duc\Desktop\TaskPlanner\server\Domain\Entities\User.cs(18,20): error CS0102: The type 'User' already contains a definition for 'PasswordResetToken' [c:\Users\Duc\Desktop\TaskPlanner\server\Domain\Domain.csproj]
c:\Users\Duc\Desktop\TaskPlanner\server\Domain\Entities\User.cs(19,28): error CS0102: The type 'User' already contains a definition for 'PasswordResetTokenExpiresAt' [c:\Users\Duc\Desktop\TaskPlanner\server\Domain\Domain.csproj]
c:\Users\Duc\Desktop\TaskPlanner\server\Api\Api.csproj : warning NU1903: Package 'Microsoft.Build.Tasks.Core' 17.7.2 has a known high severity vulnerability, https://github.com/advisories/GHSA-h4j7-5rxr-p4wc

Build FAILED.

c:\Users\Duc\Desktop\TaskPlanner\server\Background\Background.csproj : warning NU1903: Package 'Microsoft.Build.Tasks.Core' 17.7.2 has a known high severity vulnerability, https://github.com/advisories/GHSA-h4j7-5rxr-p4wc [c:\Users\Duc\Desktop\TaskPlanner\TaskPlanner.sln]
c:\Users\Duc\Desktop\TaskPlanner\server\Api\Api.csproj : warning NU1903: Package 'Microsoft.Build.Tasks.Core' 17.7.2 has a known high severity vulnerability, https://github.com/advisories/GHSA-h4j7-5rxr-p4wc [c:\Users\Duc\Desktop\TaskPlanner\TaskPlanner.sln]
c:\Users\Duc\Desktop\TaskPlanner\server\Background\Background.csproj : warning NU1903: Package 'Microsoft.Build.Tasks.Core' 17.7.2 has a known high severity vulnerability, https://github.com/advisories/GHSA-h4j7-5rxr-p4wc
c:\Users\Duc\Desktop\TaskPlanner\server\Api\Api.csproj : warning NU1903: Package 'Microsoft.Build.Tasks.Core' 17.7.2 has a known high severity vulnerability, https://github.com/advisories/GHSA-h4j7-5rxr-p4wc
c:\Users\Duc\Desktop\TaskPlanner\server\Domain\Entities\User.cs(18,20): error CS0102: The type 'User' already contains a definition for 'PasswordResetToken' [c:\Users\Duc\Desktop\TaskPlanner\server\Domain\Domain.csproj]
c:\Users\Duc\Desktop\TaskPlanner\server\Domain\Entities\User.cs(19,28): error CS0102: The type 'User' already contains a definition for 'PasswordResetTokenExpiresAt' [c:\Users\Duc\Desktop\TaskPlanner\server\Domain\Domain.csproj]
    4 Warning(s)
    2 Error(s)

Time Elapsed 00:00:01.08
